// Jest Snapshot v1, https://goo.gl/fbAQLP

exports[`CryptoDetails cryptoDetails snapshot 1`] = `
Object {
  "asFragment": [Function],
  "baseElement": <body>
    <div>
      <div
        class="cryptodetails"
      >
        <div
          class="cryptodetails__statistics"
        >
          <div
            class="cryptodetails__heading"
          >
            <h2
              class="cryptodetails__title title"
            >
              Nexo
               Value Statistics
            </h2>
          </div>
          <div
            class="cryptodetails__stats"
          >
            <div
              class="cryptodetails__stats-name"
            >
              <p
                class="small-text"
              >
                <svg
                  data-testid="dollar"
                  fill="currentColor"
                  height="1em"
                  stroke="currentColor"
                  stroke-width="0"
                  viewBox="0 0 1024 1024"
                  width="1em"
                  xmlns="http://www.w3.org/2000/svg"
                >
                  <path
                    d="M512 64C264.6 64 64 264.6 64 512s200.6 448 448 448 448-200.6 448-448S759.4 64 512 64zm0 820c-205.4 0-372-166.6-372-372s166.6-372 372-372 372 166.6 372 372-166.6 372-372 372zm47.7-395.2l-25.4-5.9V348.6c38 5.2 61.5 29 65.5 58.2.5 4 3.9 6.9 7.9 6.9h44.9c4.7 0 8.4-4.1 8-8.8-6.1-62.3-57.4-102.3-125.9-109.2V263c0-4.4-3.6-8-8-8h-28.1c-4.4 0-8 3.6-8 8v33c-70.8 6.9-126.2 46-126.2 119 0 67.6 49.8 100.2 102.1 112.7l24.7 6.3v142.7c-44.2-5.9-69-29.5-74.1-61.3-.6-3.8-4-6.6-7.9-6.6H363c-4.7 0-8.4 4-8 8.7 4.5 55 46.2 105.6 135.2 112.1V761c0 4.4 3.6 8 8 8h28.4c4.4 0 8-3.6 8-8.1l-.2-31.7c78.3-6.9 134.3-48.8 134.3-124-.1-69.4-44.2-100.4-109-116.4zm-68.6-16.2c-5.6-1.6-10.3-3.1-15-5-33.8-12.2-49.5-31.9-49.5-57.3 0-36.3 27.5-57 64.5-61.7v124zM534.3 677V543.3c3.1.9 5.9 1.6 8.8 2.2 47.3 14.4 63.2 34.4 63.2 65.1 0 39.1-29.4 62.6-72 66.4z"
                  />
                </svg>
              </p>
              <p
                class="small-text"
              >
                Price to USD
              </p>
            </div>
            <p
              class="small-text"
            >
              $ 1
            </p>
          </div>
          <div
            class="cryptodetails__stats"
          >
            <div
              class="cryptodetails__stats-name"
            >
              <p
                class="small-text"
              >
                <svg
                  data-testid="number"
                  fill="currentColor"
                  height="1em"
                  stroke="currentColor"
                  stroke-width="0"
                  viewBox="0 0 1024 1024"
                  width="1em"
                  xmlns="http://www.w3.org/2000/svg"
                >
                  <path
                    d="M872 394c4.4 0 8-3.6 8-8v-60c0-4.4-3.6-8-8-8H708V152c0-4.4-3.6-8-8-8h-64c-4.4 0-8 3.6-8 8v166H400V152c0-4.4-3.6-8-8-8h-64c-4.4 0-8 3.6-8 8v166H152c-4.4 0-8 3.6-8 8v60c0 4.4 3.6 8 8 8h168v236H152c-4.4 0-8 3.6-8 8v60c0 4.4 3.6 8 8 8h168v166c0 4.4 3.6 8 8 8h64c4.4 0 8-3.6 8-8V706h228v166c0 4.4 3.6 8 8 8h64c4.4 0 8-3.6 8-8V706h164c4.4 0 8-3.6 8-8v-60c0-4.4-3.6-8-8-8H708V394h164zM628 630H400V394h228v236z"
                  />
                </svg>
              </p>
              <p
                class="small-text"
              >
                Rank
              </p>
            </div>
            <p
              class="small-text"
            >
              71
            </p>
          </div>
          <div
            class="cryptodetails__stats"
          >
            <div
              class="cryptodetails__stats-name"
            >
              <p
                class="small-text"
              >
                <svg
                  data-testid="thunderbolt"
                  fill="currentColor"
                  height="1em"
                  stroke="currentColor"
                  stroke-width="0"
                  viewBox="0 0 1024 1024"
                  width="1em"
                  xmlns="http://www.w3.org/2000/svg"
                >
                  <path
                    d="M848 359.3H627.7L825.8 109c4.1-5.3.4-13-6.3-13H436c-2.8 0-5.5 1.5-6.9 4L170 547.5c-3.1 5.3.7 12 6.9 12h174.4l-89.4 357.6c-1.9 7.8 7.5 13.3 13.3 7.7L853.5 373c5.2-4.9 1.7-13.7-5.5-13.7zM378.2 732.5l60.3-241H281.1l189.6-327.4h224.6L487 427.4h211L378.2 732.5z"
                  />
                </svg>
              </p>
              <p
                class="small-text"
              >
                24h Volume
              </p>
            </div>
            <p
              class="small-text"
            >
              $ 2.2M
            </p>
          </div>
          <div
            class="cryptodetails__stats"
          >
            <div
              class="cryptodetails__stats-name"
            >
              <p
                class="small-text"
              >
                <svg
                  data-testid="market"
                  fill="currentColor"
                  height="1em"
                  stroke="currentColor"
                  stroke-width="0"
                  viewBox="0 0 1024 1024"
                  width="1em"
                  xmlns="http://www.w3.org/2000/svg"
                >
                  <path
                    d="M512 64C264.6 64 64 264.6 64 512s200.6 448 448 448 448-200.6 448-448S759.4 64 512 64zm0 820c-205.4 0-372-166.6-372-372s166.6-372 372-372 372 166.6 372 372-166.6 372-372 372zm47.7-395.2l-25.4-5.9V348.6c38 5.2 61.5 29 65.5 58.2.5 4 3.9 6.9 7.9 6.9h44.9c4.7 0 8.4-4.1 8-8.8-6.1-62.3-57.4-102.3-125.9-109.2V263c0-4.4-3.6-8-8-8h-28.1c-4.4 0-8 3.6-8 8v33c-70.8 6.9-126.2 46-126.2 119 0 67.6 49.8 100.2 102.1 112.7l24.7 6.3v142.7c-44.2-5.9-69-29.5-74.1-61.3-.6-3.8-4-6.6-7.9-6.6H363c-4.7 0-8.4 4-8 8.7 4.5 55 46.2 105.6 135.2 112.1V761c0 4.4 3.6 8 8 8h28.4c4.4 0 8-3.6 8-8.1l-.2-31.7c78.3-6.9 134.3-48.8 134.3-124-.1-69.4-44.2-100.4-109-116.4zm-68.6-16.2c-5.6-1.6-10.3-3.1-15-5-33.8-12.2-49.5-31.9-49.5-57.3 0-36.3 27.5-57 64.5-61.7v124zM534.3 677V543.3c3.1.9 5.9 1.6 8.8 2.2 47.3 14.4 63.2 34.4 63.2 65.1 0 39.1-29.4 62.6-72 66.4z"
                  />
                </svg>
              </p>
              <p
                class="small-text"
              >
                Market Cap
              </p>
            </div>
            <p
              class="small-text"
            >
              $ 559M
            </p>
          </div>
          <div
            class="cryptodetails__stats"
          >
            <div
              class="cryptodetails__stats-name"
            >
              <p
                class="small-text"
              >
                <svg
                  data-testid="alltime"
                  fill="currentColor"
                  height="1em"
                  stroke="currentColor"
                  stroke-width="0"
                  viewBox="0 0 1024 1024"
                  width="1em"
                  xmlns="http://www.w3.org/2000/svg"
                >
                  <path
                    d="M868 160h-92v-40c0-4.4-3.6-8-8-8H256c-4.4 0-8 3.6-8 8v40h-92a44 44 0 0 0-44 44v148c0 81.7 60 149.6 138.2 162C265.7 630.2 359 721.7 476 734.5v105.2H280c-17.7 0-32 14.3-32 32V904c0 4.4 3.6 8 8 8h512c4.4 0 8-3.6 8-8v-32.3c0-17.7-14.3-32-32-32H548V734.5C665 721.7 758.3 630.2 773.8 514 852 501.6 912 433.7 912 352V204a44 44 0 0 0-44-44zM184 352V232h64v207.6a91.99 91.99 0 0 1-64-87.6zm520 128c0 49.1-19.1 95.4-53.9 130.1-34.8 34.8-81 53.9-130.1 53.9h-16c-49.1 0-95.4-19.1-130.1-53.9-34.8-34.8-53.9-81-53.9-130.1V184h384v296zm136-128c0 41-26.9 75.8-64 87.6V232h64v120z"
                  />
                </svg>
              </p>
              <p
                class="small-text"
              >
                All-time-high(daily avg.)
              </p>
            </div>
            <p
              class="small-text"
            >
              $ 1
            </p>
          </div>
        </div>
        <div
          class="cryptodetails__statistics"
        >
          <div
            class="cryptodetails__heading"
          >
            <h2
              class="cryptodetails__title title"
            >
              Other Statistics
            </h2>
          </div>
          <div
            class="cryptodetails__stats"
          >
            <div
              class="cryptodetails__stats-name"
            >
              <p
                class="small-text"
              >
                <svg
                  data-testid="vwap"
                  fill="currentColor"
                  height="1em"
                  stroke="currentColor"
                  stroke-width="0"
                  viewBox="0 0 1024 1024"
                  width="1em"
                  xmlns="http://www.w3.org/2000/svg"
                >
                  <path
                    d="M512 64C264.6 64 64 264.6 64 512s200.6 448 448 448 448-200.6 448-448S759.4 64 512 64zm0 820c-205.4 0-372-166.6-372-372s166.6-372 372-372 372 166.6 372 372-166.6 372-372 372zm47.7-395.2l-25.4-5.9V348.6c38 5.2 61.5 29 65.5 58.2.5 4 3.9 6.9 7.9 6.9h44.9c4.7 0 8.4-4.1 8-8.8-6.1-62.3-57.4-102.3-125.9-109.2V263c0-4.4-3.6-8-8-8h-28.1c-4.4 0-8 3.6-8 8v33c-70.8 6.9-126.2 46-126.2 119 0 67.6 49.8 100.2 102.1 112.7l24.7 6.3v142.7c-44.2-5.9-69-29.5-74.1-61.3-.6-3.8-4-6.6-7.9-6.6H363c-4.7 0-8.4 4-8 8.7 4.5 55 46.2 105.6 135.2 112.1V761c0 4.4 3.6 8 8 8h28.4c4.4 0 8-3.6 8-8.1l-.2-31.7c78.3-6.9 134.3-48.8 134.3-124-.1-69.4-44.2-100.4-109-116.4zm-68.6-16.2c-5.6-1.6-10.3-3.1-15-5-33.8-12.2-49.5-31.9-49.5-57.3 0-36.3 27.5-57 64.5-61.7v124zM534.3 677V543.3c3.1.9 5.9 1.6 8.8 2.2 47.3 14.4 63.2 34.4 63.2 65.1 0 39.1-29.4 62.6-72 66.4z"
                  />
                </svg>
              </p>
              <p
                class="small-text"
              >
                VWAP(24hr)
              </p>
            </div>
            <p
              class="small-text"
            >
              $1
            </p>
          </div>
          <div
            class="cryptodetails__stats"
          >
            <div
              class="cryptodetails__stats-name"
            >
              <p
                class="small-text"
              >
                <svg
                  data-testid="fund"
                  fill="currentColor"
                  height="1em"
                  stroke="currentColor"
                  stroke-width="0"
                  viewBox="0 0 1024 1024"
                  width="1em"
                  xmlns="http://www.w3.org/2000/svg"
                >
                  <path
                    d="M926 164H94c-17.7 0-32 14.3-32 32v640c0 17.7 14.3 32 32 32h832c17.7 0 32-14.3 32-32V196c0-17.7-14.3-32-32-32zm-40 632H134V236h752v560zm-658.9-82.3c3.1 3.1 8.2 3.1 11.3 0l172.5-172.5 114.4 114.5c3.1 3.1 8.2 3.1 11.3 0l297-297.2c3.1-3.1 3.1-8.2 0-11.3l-36.8-36.8a8.03 8.03 0 0 0-11.3 0L531 565 416.6 450.5a8.03 8.03 0 0 0-11.3 0l-214.9 215a8.03 8.03 0 0 0 0 11.3l36.7 36.9z"
                  />
                </svg>
              </p>
              <p
                class="small-text"
              >
                Change Percent(24hr) 
              </p>
            </div>
            <p
              class="small-text"
            >
              11.14%
            </p>
          </div>
          <div
            class="cryptodetails__stats"
          >
            <div
              class="cryptodetails__stats-name"
            >
              <p
                class="small-text"
              >
                <svg
                  data-testid="exclamation"
                  fill="currentColor"
                  height="1em"
                  stroke="currentColor"
                  stroke-width="0"
                  viewBox="0 0 1024 1024"
                  width="1em"
                  xmlns="http://www.w3.org/2000/svg"
                >
                  <path
                    d="M512 64C264.6 64 64 264.6 64 512s200.6 448 448 448 448-200.6 448-448S759.4 64 512 64zm0 820c-205.4 0-372-166.6-372-372s166.6-372 372-372 372 166.6 372 372-166.6 372-372 372z"
                  />
                  <path
                    d="M464 688a48 48 0 1 0 96 0 48 48 0 1 0-96 0zm24-112h48c4.4 0 8-3.6 8-8V296c0-4.4-3.6-8-8-8h-48c-4.4 0-8 3.6-8 8v272c0 4.4 3.6 8 8 8z"
                  />
                </svg>
              </p>
              <p
                class="small-text"
              >
                Aprroved Supply
              </p>
            </div>
            <p
              class="small-text"
            >
              <svg
                data-testid="circle"
                fill="currentColor"
                height="1em"
                stroke="currentColor"
                stroke-width="0"
                viewBox="0 0 1024 1024"
                width="1em"
                xmlns="http://www.w3.org/2000/svg"
              >
                <path
                  d="M699 353h-46.9c-10.2 0-19.9 4.9-25.9 13.3L469 584.3l-71.2-98.8c-6-8.3-15.6-13.3-25.9-13.3H325c-6.5 0-10.3 7.4-6.5 12.7l124.6 172.8a31.8 31.8 0 0 0 51.7 0l210.6-292c3.9-5.3.1-12.7-6.4-12.7z"
                />
                <path
                  d="M512 64C264.6 64 64 264.6 64 512s200.6 448 448 448 448-200.6 448-448S759.4 64 512 64zm0 820c-205.4 0-372-166.6-372-372s166.6-372 372-372 372 166.6 372 372-166.6 372-372 372z"
                />
              </svg>
            </p>
          </div>
          <div
            class="cryptodetails__stats"
          >
            <div
              class="cryptodetails__stats-name"
            >
              <p
                class="small-text"
              >
                <svg
                  data-testid="total"
                  fill="currentColor"
                  height="1em"
                  stroke="currentColor"
                  stroke-width="0"
                  viewBox="0 0 1024 1024"
                  width="1em"
                  xmlns="http://www.w3.org/2000/svg"
                >
                  <path
                    d="M512 64C264.6 64 64 264.6 64 512s200.6 448 448 448 448-200.6 448-448S759.4 64 512 64zm0 820c-205.4 0-372-166.6-372-372s166.6-372 372-372 372 166.6 372 372-166.6 372-372 372z"
                  />
                  <path
                    d="M464 688a48 48 0 1 0 96 0 48 48 0 1 0-96 0zm24-112h48c4.4 0 8-3.6 8-8V296c0-4.4-3.6-8-8-8h-48c-4.4 0-8 3.6-8 8v272c0 4.4 3.6 8 8 8z"
                  />
                </svg>
              </p>
              <p
                class="small-text"
              >
                Total Supply
              </p>
            </div>
            <p
              class="small-text"
            >
              $ 560M
            </p>
          </div>
          <div
            class="cryptodetails__stats"
          >
            <div
              class="cryptodetails__stats-name"
            >
              <p
                class="small-text"
              >
                <svg
                  data-testid="circulation"
                  fill="currentColor"
                  height="1em"
                  stroke="currentColor"
                  stroke-width="0"
                  viewBox="0 0 1024 1024"
                  width="1em"
                  xmlns="http://www.w3.org/2000/svg"
                >
                  <path
                    d="M512 64C264.6 64 64 264.6 64 512s200.6 448 448 448 448-200.6 448-448S759.4 64 512 64zm0 820c-205.4 0-372-166.6-372-372s166.6-372 372-372 372 166.6 372 372-166.6 372-372 372z"
                  />
                  <path
                    d="M464 688a48 48 0 1 0 96 0 48 48 0 1 0-96 0zm24-112h48c4.4 0 8-3.6 8-8V296c0-4.4-3.6-8-8-8h-48c-4.4 0-8 3.6-8 8v272c0 4.4 3.6 8 8 8z"
                  />
                </svg>
              </p>
              <p
                class="small-text"
              >
                Circulating Supply
              </p>
            </div>
            <p
              class="small-text"
            >
              $ 1B
            </p>
          </div>
        </div>
      </div>
    </div>
  </body>,
  "container": <div>
    <div
      class="cryptodetails"
    >
      <div
        class="cryptodetails__statistics"
      >
        <div
          class="cryptodetails__heading"
        >
          <h2
            class="cryptodetails__title title"
          >
            Nexo
             Value Statistics
          </h2>
        </div>
        <div
          class="cryptodetails__stats"
        >
          <div
            class="cryptodetails__stats-name"
          >
            <p
              class="small-text"
            >
              <svg
                data-testid="dollar"
                fill="currentColor"
                height="1em"
                stroke="currentColor"
                stroke-width="0"
                viewBox="0 0 1024 1024"
                width="1em"
                xmlns="http://www.w3.org/2000/svg"
              >
                <path
                  d="M512 64C264.6 64 64 264.6 64 512s200.6 448 448 448 448-200.6 448-448S759.4 64 512 64zm0 820c-205.4 0-372-166.6-372-372s166.6-372 372-372 372 166.6 372 372-166.6 372-372 372zm47.7-395.2l-25.4-5.9V348.6c38 5.2 61.5 29 65.5 58.2.5 4 3.9 6.9 7.9 6.9h44.9c4.7 0 8.4-4.1 8-8.8-6.1-62.3-57.4-102.3-125.9-109.2V263c0-4.4-3.6-8-8-8h-28.1c-4.4 0-8 3.6-8 8v33c-70.8 6.9-126.2 46-126.2 119 0 67.6 49.8 100.2 102.1 112.7l24.7 6.3v142.7c-44.2-5.9-69-29.5-74.1-61.3-.6-3.8-4-6.6-7.9-6.6H363c-4.7 0-8.4 4-8 8.7 4.5 55 46.2 105.6 135.2 112.1V761c0 4.4 3.6 8 8 8h28.4c4.4 0 8-3.6 8-8.1l-.2-31.7c78.3-6.9 134.3-48.8 134.3-124-.1-69.4-44.2-100.4-109-116.4zm-68.6-16.2c-5.6-1.6-10.3-3.1-15-5-33.8-12.2-49.5-31.9-49.5-57.3 0-36.3 27.5-57 64.5-61.7v124zM534.3 677V543.3c3.1.9 5.9 1.6 8.8 2.2 47.3 14.4 63.2 34.4 63.2 65.1 0 39.1-29.4 62.6-72 66.4z"
                />
              </svg>
            </p>
            <p
              class="small-text"
            >
              Price to USD
            </p>
          </div>
          <p
            class="small-text"
          >
            $ 1
          </p>
        </div>
        <div
          class="cryptodetails__stats"
        >
          <div
            class="cryptodetails__stats-name"
          >
            <p
              class="small-text"
            >
              <svg
                data-testid="number"
                fill="currentColor"
                height="1em"
                stroke="currentColor"
                stroke-width="0"
                viewBox="0 0 1024 1024"
                width="1em"
                xmlns="http://www.w3.org/2000/svg"
              >
                <path
                  d="M872 394c4.4 0 8-3.6 8-8v-60c0-4.4-3.6-8-8-8H708V152c0-4.4-3.6-8-8-8h-64c-4.4 0-8 3.6-8 8v166H400V152c0-4.4-3.6-8-8-8h-64c-4.4 0-8 3.6-8 8v166H152c-4.4 0-8 3.6-8 8v60c0 4.4 3.6 8 8 8h168v236H152c-4.4 0-8 3.6-8 8v60c0 4.4 3.6 8 8 8h168v166c0 4.4 3.6 8 8 8h64c4.4 0 8-3.6 8-8V706h228v166c0 4.4 3.6 8 8 8h64c4.4 0 8-3.6 8-8V706h164c4.4 0 8-3.6 8-8v-60c0-4.4-3.6-8-8-8H708V394h164zM628 630H400V394h228v236z"
                />
              </svg>
            </p>
            <p
              class="small-text"
            >
              Rank
            </p>
          </div>
          <p
            class="small-text"
          >
            71
          </p>
        </div>
        <div
          class="cryptodetails__stats"
        >
          <div
            class="cryptodetails__stats-name"
          >
            <p
              class="small-text"
            >
              <svg
                data-testid="thunderbolt"
                fill="currentColor"
                height="1em"
                stroke="currentColor"
                stroke-width="0"
                viewBox="0 0 1024 1024"
                width="1em"
                xmlns="http://www.w3.org/2000/svg"
              >
                <path
                  d="M848 359.3H627.7L825.8 109c4.1-5.3.4-13-6.3-13H436c-2.8 0-5.5 1.5-6.9 4L170 547.5c-3.1 5.3.7 12 6.9 12h174.4l-89.4 357.6c-1.9 7.8 7.5 13.3 13.3 7.7L853.5 373c5.2-4.9 1.7-13.7-5.5-13.7zM378.2 732.5l60.3-241H281.1l189.6-327.4h224.6L487 427.4h211L378.2 732.5z"
                />
              </svg>
            </p>
            <p
              class="small-text"
            >
              24h Volume
            </p>
          </div>
          <p
            class="small-text"
          >
            $ 2.2M
          </p>
        </div>
        <div
          class="cryptodetails__stats"
        >
          <div
            class="cryptodetails__stats-name"
          >
            <p
              class="small-text"
            >
              <svg
                data-testid="market"
                fill="currentColor"
                height="1em"
                stroke="currentColor"
                stroke-width="0"
                viewBox="0 0 1024 1024"
                width="1em"
                xmlns="http://www.w3.org/2000/svg"
              >
                <path
                  d="M512 64C264.6 64 64 264.6 64 512s200.6 448 448 448 448-200.6 448-448S759.4 64 512 64zm0 820c-205.4 0-372-166.6-372-372s166.6-372 372-372 372 166.6 372 372-166.6 372-372 372zm47.7-395.2l-25.4-5.9V348.6c38 5.2 61.5 29 65.5 58.2.5 4 3.9 6.9 7.9 6.9h44.9c4.7 0 8.4-4.1 8-8.8-6.1-62.3-57.4-102.3-125.9-109.2V263c0-4.4-3.6-8-8-8h-28.1c-4.4 0-8 3.6-8 8v33c-70.8 6.9-126.2 46-126.2 119 0 67.6 49.8 100.2 102.1 112.7l24.7 6.3v142.7c-44.2-5.9-69-29.5-74.1-61.3-.6-3.8-4-6.6-7.9-6.6H363c-4.7 0-8.4 4-8 8.7 4.5 55 46.2 105.6 135.2 112.1V761c0 4.4 3.6 8 8 8h28.4c4.4 0 8-3.6 8-8.1l-.2-31.7c78.3-6.9 134.3-48.8 134.3-124-.1-69.4-44.2-100.4-109-116.4zm-68.6-16.2c-5.6-1.6-10.3-3.1-15-5-33.8-12.2-49.5-31.9-49.5-57.3 0-36.3 27.5-57 64.5-61.7v124zM534.3 677V543.3c3.1.9 5.9 1.6 8.8 2.2 47.3 14.4 63.2 34.4 63.2 65.1 0 39.1-29.4 62.6-72 66.4z"
                />
              </svg>
            </p>
            <p
              class="small-text"
            >
              Market Cap
            </p>
          </div>
          <p
            class="small-text"
          >
            $ 559M
          </p>
        </div>
        <div
          class="cryptodetails__stats"
        >
          <div
            class="cryptodetails__stats-name"
          >
            <p
              class="small-text"
            >
              <svg
                data-testid="alltime"
                fill="currentColor"
                height="1em"
                stroke="currentColor"
                stroke-width="0"
                viewBox="0 0 1024 1024"
                width="1em"
                xmlns="http://www.w3.org/2000/svg"
              >
                <path
                  d="M868 160h-92v-40c0-4.4-3.6-8-8-8H256c-4.4 0-8 3.6-8 8v40h-92a44 44 0 0 0-44 44v148c0 81.7 60 149.6 138.2 162C265.7 630.2 359 721.7 476 734.5v105.2H280c-17.7 0-32 14.3-32 32V904c0 4.4 3.6 8 8 8h512c4.4 0 8-3.6 8-8v-32.3c0-17.7-14.3-32-32-32H548V734.5C665 721.7 758.3 630.2 773.8 514 852 501.6 912 433.7 912 352V204a44 44 0 0 0-44-44zM184 352V232h64v207.6a91.99 91.99 0 0 1-64-87.6zm520 128c0 49.1-19.1 95.4-53.9 130.1-34.8 34.8-81 53.9-130.1 53.9h-16c-49.1 0-95.4-19.1-130.1-53.9-34.8-34.8-53.9-81-53.9-130.1V184h384v296zm136-128c0 41-26.9 75.8-64 87.6V232h64v120z"
                />
              </svg>
            </p>
            <p
              class="small-text"
            >
              All-time-high(daily avg.)
            </p>
          </div>
          <p
            class="small-text"
          >
            $ 1
          </p>
        </div>
      </div>
      <div
        class="cryptodetails__statistics"
      >
        <div
          class="cryptodetails__heading"
        >
          <h2
            class="cryptodetails__title title"
          >
            Other Statistics
          </h2>
        </div>
        <div
          class="cryptodetails__stats"
        >
          <div
            class="cryptodetails__stats-name"
          >
            <p
              class="small-text"
            >
              <svg
                data-testid="vwap"
                fill="currentColor"
                height="1em"
                stroke="currentColor"
                stroke-width="0"
                viewBox="0 0 1024 1024"
                width="1em"
                xmlns="http://www.w3.org/2000/svg"
              >
                <path
                  d="M512 64C264.6 64 64 264.6 64 512s200.6 448 448 448 448-200.6 448-448S759.4 64 512 64zm0 820c-205.4 0-372-166.6-372-372s166.6-372 372-372 372 166.6 372 372-166.6 372-372 372zm47.7-395.2l-25.4-5.9V348.6c38 5.2 61.5 29 65.5 58.2.5 4 3.9 6.9 7.9 6.9h44.9c4.7 0 8.4-4.1 8-8.8-6.1-62.3-57.4-102.3-125.9-109.2V263c0-4.4-3.6-8-8-8h-28.1c-4.4 0-8 3.6-8 8v33c-70.8 6.9-126.2 46-126.2 119 0 67.6 49.8 100.2 102.1 112.7l24.7 6.3v142.7c-44.2-5.9-69-29.5-74.1-61.3-.6-3.8-4-6.6-7.9-6.6H363c-4.7 0-8.4 4-8 8.7 4.5 55 46.2 105.6 135.2 112.1V761c0 4.4 3.6 8 8 8h28.4c4.4 0 8-3.6 8-8.1l-.2-31.7c78.3-6.9 134.3-48.8 134.3-124-.1-69.4-44.2-100.4-109-116.4zm-68.6-16.2c-5.6-1.6-10.3-3.1-15-5-33.8-12.2-49.5-31.9-49.5-57.3 0-36.3 27.5-57 64.5-61.7v124zM534.3 677V543.3c3.1.9 5.9 1.6 8.8 2.2 47.3 14.4 63.2 34.4 63.2 65.1 0 39.1-29.4 62.6-72 66.4z"
                />
              </svg>
            </p>
            <p
              class="small-text"
            >
              VWAP(24hr)
            </p>
          </div>
          <p
            class="small-text"
          >
            $1
          </p>
        </div>
        <div
          class="cryptodetails__stats"
        >
          <div
            class="cryptodetails__stats-name"
          >
            <p
              class="small-text"
            >
              <svg
                data-testid="fund"
                fill="currentColor"
                height="1em"
                stroke="currentColor"
                stroke-width="0"
                viewBox="0 0 1024 1024"
                width="1em"
                xmlns="http://www.w3.org/2000/svg"
              >
                <path
                  d="M926 164H94c-17.7 0-32 14.3-32 32v640c0 17.7 14.3 32 32 32h832c17.7 0 32-14.3 32-32V196c0-17.7-14.3-32-32-32zm-40 632H134V236h752v560zm-658.9-82.3c3.1 3.1 8.2 3.1 11.3 0l172.5-172.5 114.4 114.5c3.1 3.1 8.2 3.1 11.3 0l297-297.2c3.1-3.1 3.1-8.2 0-11.3l-36.8-36.8a8.03 8.03 0 0 0-11.3 0L531 565 416.6 450.5a8.03 8.03 0 0 0-11.3 0l-214.9 215a8.03 8.03 0 0 0 0 11.3l36.7 36.9z"
                />
              </svg>
            </p>
            <p
              class="small-text"
            >
              Change Percent(24hr) 
            </p>
          </div>
          <p
            class="small-text"
          >
            11.14%
          </p>
        </div>
        <div
          class="cryptodetails__stats"
        >
          <div
            class="cryptodetails__stats-name"
          >
            <p
              class="small-text"
            >
              <svg
                data-testid="exclamation"
                fill="currentColor"
                height="1em"
                stroke="currentColor"
                stroke-width="0"
                viewBox="0 0 1024 1024"
                width="1em"
                xmlns="http://www.w3.org/2000/svg"
              >
                <path
                  d="M512 64C264.6 64 64 264.6 64 512s200.6 448 448 448 448-200.6 448-448S759.4 64 512 64zm0 820c-205.4 0-372-166.6-372-372s166.6-372 372-372 372 166.6 372 372-166.6 372-372 372z"
                />
                <path
                  d="M464 688a48 48 0 1 0 96 0 48 48 0 1 0-96 0zm24-112h48c4.4 0 8-3.6 8-8V296c0-4.4-3.6-8-8-8h-48c-4.4 0-8 3.6-8 8v272c0 4.4 3.6 8 8 8z"
                />
              </svg>
            </p>
            <p
              class="small-text"
            >
              Aprroved Supply
            </p>
          </div>
          <p
            class="small-text"
          >
            <svg
              data-testid="circle"
              fill="currentColor"
              height="1em"
              stroke="currentColor"
              stroke-width="0"
              viewBox="0 0 1024 1024"
              width="1em"
              xmlns="http://www.w3.org/2000/svg"
            >
              <path
                d="M699 353h-46.9c-10.2 0-19.9 4.9-25.9 13.3L469 584.3l-71.2-98.8c-6-8.3-15.6-13.3-25.9-13.3H325c-6.5 0-10.3 7.4-6.5 12.7l124.6 172.8a31.8 31.8 0 0 0 51.7 0l210.6-292c3.9-5.3.1-12.7-6.4-12.7z"
              />
              <path
                d="M512 64C264.6 64 64 264.6 64 512s200.6 448 448 448 448-200.6 448-448S759.4 64 512 64zm0 820c-205.4 0-372-166.6-372-372s166.6-372 372-372 372 166.6 372 372-166.6 372-372 372z"
              />
            </svg>
          </p>
        </div>
        <div
          class="cryptodetails__stats"
        >
          <div
            class="cryptodetails__stats-name"
          >
            <p
              class="small-text"
            >
              <svg
                data-testid="total"
                fill="currentColor"
                height="1em"
                stroke="currentColor"
                stroke-width="0"
                viewBox="0 0 1024 1024"
                width="1em"
                xmlns="http://www.w3.org/2000/svg"
              >
                <path
                  d="M512 64C264.6 64 64 264.6 64 512s200.6 448 448 448 448-200.6 448-448S759.4 64 512 64zm0 820c-205.4 0-372-166.6-372-372s166.6-372 372-372 372 166.6 372 372-166.6 372-372 372z"
                />
                <path
                  d="M464 688a48 48 0 1 0 96 0 48 48 0 1 0-96 0zm24-112h48c4.4 0 8-3.6 8-8V296c0-4.4-3.6-8-8-8h-48c-4.4 0-8 3.6-8 8v272c0 4.4 3.6 8 8 8z"
                />
              </svg>
            </p>
            <p
              class="small-text"
            >
              Total Supply
            </p>
          </div>
          <p
            class="small-text"
          >
            $ 560M
          </p>
        </div>
        <div
          class="cryptodetails__stats"
        >
          <div
            class="cryptodetails__stats-name"
          >
            <p
              class="small-text"
            >
              <svg
                data-testid="circulation"
                fill="currentColor"
                height="1em"
                stroke="currentColor"
                stroke-width="0"
                viewBox="0 0 1024 1024"
                width="1em"
                xmlns="http://www.w3.org/2000/svg"
              >
                <path
                  d="M512 64C264.6 64 64 264.6 64 512s200.6 448 448 448 448-200.6 448-448S759.4 64 512 64zm0 820c-205.4 0-372-166.6-372-372s166.6-372 372-372 372 166.6 372 372-166.6 372-372 372z"
                />
                <path
                  d="M464 688a48 48 0 1 0 96 0 48 48 0 1 0-96 0zm24-112h48c4.4 0 8-3.6 8-8V296c0-4.4-3.6-8-8-8h-48c-4.4 0-8 3.6-8 8v272c0 4.4 3.6 8 8 8z"
                />
              </svg>
            </p>
            <p
              class="small-text"
            >
              Circulating Supply
            </p>
          </div>
          <p
            class="small-text"
          >
            $ 1B
          </p>
        </div>
      </div>
    </div>
  </div>,
  "debug": [Function],
  "findAllByAltText": [Function],
  "findAllByDisplayValue": [Function],
  "findAllByLabelText": [Function],
  "findAllByPlaceholderText": [Function],
  "findAllByRole": [Function],
  "findAllByTestId": [Function],
  "findAllByText": [Function],
  "findAllByTitle": [Function],
  "findByAltText": [Function],
  "findByDisplayValue": [Function],
  "findByLabelText": [Function],
  "findByPlaceholderText": [Function],
  "findByRole": [Function],
  "findByTestId": [Function],
  "findByText": [Function],
  "findByTitle": [Function],
  "getAllByAltText": [Function],
  "getAllByDisplayValue": [Function],
  "getAllByLabelText": [Function],
  "getAllByPlaceholderText": [Function],
  "getAllByRole": [Function],
  "getAllByTestId": [Function],
  "getAllByText": [Function],
  "getAllByTitle": [Function],
  "getByAltText": [Function],
  "getByDisplayValue": [Function],
  "getByLabelText": [Function],
  "getByPlaceholderText": [Function],
  "getByRole": [Function],
  "getByTestId": [Function],
  "getByText": [Function],
  "getByTitle": [Function],
  "queryAllByAltText": [Function],
  "queryAllByDisplayValue": [Function],
  "queryAllByLabelText": [Function],
  "queryAllByPlaceholderText": [Function],
  "queryAllByRole": [Function],
  "queryAllByTestId": [Function],
  "queryAllByText": [Function],
  "queryAllByTitle": [Function],
  "queryByAltText": [Function],
  "queryByDisplayValue": [Function],
  "queryByLabelText": [Function],
  "queryByPlaceholderText": [Function],
  "queryByRole": [Function],
  "queryByTestId": [Function],
  "queryByText": [Function],
  "queryByTitle": [Function],
  "rerender": [Function],
  "unmount": [Function],
}
`;
